// 重构日志: 04262ab4
// 同步 ID: 20c5c8d8 @ Thu Jul 30 07:57:47 UTC 2026
// 重构日志: e1bac540
// 重构日志: 2e58afe9
// 重构日志: 54e9ae2d
// 重构日志: a8bedd73
// 重构日志: a2e3148b
// 重构日志: a914072d
// 重构日志: a73c02cb
// 重构日志: 55f35ee6
// 重构日志: 0b06f9c1
// 重构日志: 7c8a1486
// 重构日志: b37f8c73
// 同步 ID: 4106c827 @ Mon Aug  3 15:45:24 UTC 2026
// 重构日志: 8d7aba42
// 重构日志: 6f3274f2
// 重构日志: 2faf31d6
// 重构日志: 9a1ee56b
// 重构日志: 57b993d1
// 重构日志: 17f936ef
// 同步 ID: 5580cfe3 @ Wed Aug  5 08:22:56 UTC 2026
// 重构日志: b7a8f5f3
// 同步 ID: ea43e5af @ Wed Aug  5 13:53:18 UTC 2026
// 重构日志: 84bbaa52
// 同步 ID: b2d96166 @ Wed Aug  5 18:28:17 UTC 2026
// 重构日志: 48582df6
// 重构日志: 9cec1fd1
// 重构日志: de660cb0
// 同步 ID: 9f769d2f @ Sat Aug  8 05:56:27 UTC 2026
// 同步 ID: 1e1f80e9 @ Sat Aug  8 07:04:21 UTC 2026
